[nb-no.facebook.com/index.html]
[backblue.gif]
[fade.gif]
[index.html]
[nb-no.facebook.com/osd.xml]
[static.xx.fbcdn.net/rsrc.php/yz/r/KFyVIAWzntM.ico]
[m.facebook.com/index.html]
[nb-no.facebook.com/index4964.html]
[www.facebook.com/index.html]
[ar-ar.facebook.com/index.html]
[bg-bg.facebook.com/index.html]
[ca-es.facebook.com/index.html]
[da-dk.facebook.com/index.html]
[bs-ba.facebook.com/index.html]
[el-gr.facebook.com/index.html]
[es-es.facebook.com/index.html]
[es-la.facebook.com/index.html]
[www.facebook.com/login/identifyc4d7.html]
[fa-ir.facebook.com/index.html]
[static.xx.fbcdn.net/rsrc.php/v3/yc/r/GwFs3_KxNjS.png]
[fr-fr.facebook.com/index.html]
[fr-ca.facebook.com/index.html]
[nb-no.facebook.com/legal/terms/update.html]
[hi-in.facebook.com/index.html]
[fi-fi.facebook.com/index.html]
[hr-hr.facebook.com/index.html]
[nb-no.facebook.com/about/privacy/update.html]
[static.xx.fbcdn.net/rsrc.php/v3/yb/r/GsNJNwuI-UM.gif]
[id-id.facebook.com/index.html]
[it-it.facebook.com/index.html]
[mk-mk.facebook.com/index.html]
[ko-kr.facebook.com/index.html]
[nb-no.facebook.com/r.html]
[ms-my.facebook.com/index.html]
[pl-pl.facebook.com/index.html]
[pt-br.facebook.com/index.html]
[l.facebook.com/le53c.html]
[pt-pt.facebook.com/index.html]
[ro-ro.facebook.com/index.html]
[sl-si.facebook.com/index.html]
[sr-rs.facebook.com/index.html]
[vi-vn.facebook.com/index.html]
[nb-no.facebook.com/policies/cookies/index.html]
[th-th.facebook.com/index.html]
[nn-no.facebook.com/index.html]
[nb-no.facebook.com/facebook.html]
[sv-se.facebook.com/index.html]
[nb-no.facebook.com/login/index.html]
[lt-lt.facebook.com/index.html]
[de-de.facebook.com/index.html]
[nb-no.facebook.com/lite/index.html]
[nb-no.facebook.com/mobile/index30c2.html]
[nb-no.facebook.com/privacy/explanation.html]
[nb-no.facebook.com/directory/people/index.html]
[nb-no.facebook.com/directory/pages/index.html]
[www.facebook.com/help/568137493302217.html]
[nb-no.facebook.com/places/index.html]
[nb-no.facebook.com/pages/category/index.html]
[nb-no.facebook.com/policies30c2.html]
[nb-no.facebook.com/directory/marketplace/index.html]
[nb-no.facebook.com/directory/groups/index.html]
[nb-no.facebook.com/directory/places/index.html]
[www.facebook.com/help/2687943754764396.html]
[nb-no.facebook.com/local/lists/245019872666104/index.html]
[nb-no.facebook.com/allactivity99e1]
[developers.facebook.com/index30c2.html]
[nb-no.facebook.com/help/index30c2.html]
[www.facebook.com/help/www/1573156092981768/index.html]
[connect.facebook.net/security/hsts-pixel.gif]
[nb-no.facebook.com/L38M.1f.delayed]
[nb-no.facebook.com/careers/index30c2.html]
[nb-no.facebook.com/IToy]
[nb-no.facebook.com/S+p0]
[nb-no.facebook.com/km2J]
[nb-no.facebook.com/DMK2]
[nb-no.facebook.com/ZLbS]
[nb-no.facebook.com/qZW+]
[nb-no.facebook.com/XJyV]
[nb-no.facebook.com/index.html]
[nb-no.facebook.com/XJyV/index.html]
[nb-no.facebook.com/index4964.html]
[l.facebook.com/l4199.html]
[m.facebook.com/reg/index2460.html]
[m.facebook.com/help/index3b02.html]
[fbsbx.com/security/hsts-pixel.gif]
[m.facebook.com/index1874.html]
[m.facebook.com/index.html]
[m.facebook.com/language977f.html]
[www.facebook.com/osd.xml]
[www.facebook.com/legal/terms/update.html]
[www.facebook.com/about/privacy/update.html]
[www.facebook.com/r.html]
[www.facebook.com/policies/cookies/index.html]
[l.facebook.com/l.3500a0.delayed]
[www.facebook.com/login/index.html]
[www.facebook.com/mobile/index30c2.html]
[www.facebook.com/lite/index.html]
[www.facebook.com/directory/people/index.html]
[www.facebook.com/pages/category/index.html]
[www.facebook.com/places/index.html]
[www.facebook.com/facebook.html]
[www.facebook.com/games/index.html]
[www.facebook.com/directory/pages/index.html]
[www.facebook.com/directory/places/index.html]
[www.facebook.com/directory/groups/index.html]
[www.facebook.com/directory/marketplace/index.html]
[www.facebook.com/local/lists/245019872666104/index.html]
[www.facebook.com/privacy/explanation.html]
[www.facebook.com/policies30c2.html]
[www.facebook.com/help/index30c2.html]
[www.facebook.com/allactivity99e1]
[www.facebook.com/L38M]
[www.facebook.com/careers/index30c2.html]
[www.facebook.com/IToy]
[www.facebook.com/S+p0]
[www.facebook.com/km2J]
[www.facebook.com/DMK2]
[www.facebook.com/ZLbS]
[www.facebook.com/qZW+]
[www.facebook.com/XJyV]
[www.facebook.com/index.html]
[ar-ar.facebook.com/osd.xml]
[ar-ar.facebook.com/legal/terms/update.html]
[ar-ar.facebook.com/about/privacy/update.html]
[ar-ar.facebook.com/r.html]
[ar-ar.facebook.com/policies/cookies/index.html]
[l.facebook.com/l9050.html]
[ar-ar.facebook.com/lite/index.html]
[ar-ar.facebook.com/login/index.html]
[ar-ar.facebook.com/mobile/index30c2.html]
[ar-ar.facebook.com/directory/people/index.html]
[ar-ar.facebook.com/pages/category/index.html]
[ar-ar.facebook.com/places/index.html]
[ar-ar.facebook.com/facebook.html]
[ar-ar.facebook.com/directory/marketplace/index.html]
[ar-ar.facebook.com/directory/places/index.html]
[ar-ar.facebook.com/directory/groups/index.html]
[ar-ar.facebook.com/local/lists/245019872666104/index.html]
[ar-ar.facebook.com/directory/pages/index.html]
[ar-ar.facebook.com/privacy/explanation.html]
[ar-ar.facebook.com/policies30c2.html]
[ar-ar.facebook.com/help/index30c2.html]
[ar-ar.facebook.com/allactivity99e1]
[ar-ar.facebook.com/L38M]
[ar-ar.facebook.com/careers/index30c2.html]
[ar-ar.facebook.com/IToy]
[ar-ar.facebook.com/S+p0]
[ar-ar.facebook.com/km2J]
[ar-ar.facebook.com/DMK2]
[ar-ar.facebook.com/ZLbS]
[ar-ar.facebook.com/qZW+]
[ar-ar.facebook.com/XJyV]
[ar-ar.facebook.com/index.html]
[bg-bg.facebook.com/osd.xml]
[bg-bg.facebook.com/legal/terms/update.html]
[bg-bg.facebook.com/about/privacy/update.html]
[bg-bg.facebook.com/r.html]
[bg-bg.facebook.com/policies/cookies/index.html]
[l.facebook.com/l03b8.html]
[bg-bg.facebook.com/mobile/index30c2.html]
[bg-bg.facebook.com/lite/index.html]
[bg-bg.facebook.com/login/index.html]
[bg-bg.facebook.com/directory/people/index.html]
[bg-bg.facebook.com/pages/category/index.html]
[bg-bg.facebook.com/places/index.html]
[bg-bg.facebook.com/facebook.html]
[bg-bg.facebook.com/directory/marketplace/index.html]
[bg-bg.facebook.com/directory/places/index.html]
[bg-bg.facebook.com/directory/groups/index.html]
[bg-bg.facebook.com/local/lists/245019872666104/index.html]
[bg-bg.facebook.com/directory/pages/index.html]
[bg-bg.facebook.com/privacy/explanation.html]
[bg-bg.facebook.com/policies30c2.html]
[bg-bg.facebook.com/careers/index30c2.html]
[bg-bg.facebook.com/allactivity99e1]
[bg-bg.facebook.com/help/index30c2.html]
[bg-bg.facebook.com/L38M]
[bg-bg.facebook.com/IToy]
[bg-bg.facebook.com/S+p0]
[bg-bg.facebook.com/km2J]
[bg-bg.facebook.com/DMK2]
[bg-bg.facebook.com/ZLbS]
[bg-bg.facebook.com/qZW+]
[bg-bg.facebook.com/XJyV]
[bg-bg.facebook.com/index.html]
[bs-ba.facebook.com/osd.xml]
[bs-ba.facebook.com/legal/terms/update.html]
[bs-ba.facebook.com/about/privacy/update.html]
[bs-ba.facebook.com/r.html]
[bs-ba.facebook.com/policies/cookies/index.html]
[bs-ba.facebook.com/login/index.html]
[bs-ba.facebook.com/lite/index.html]
[l.facebook.com/l05ce.html]
[bs-ba.facebook.com/directory/people/index.html]
[bs-ba.facebook.com/directory/pages/index.html]
[bs-ba.facebook.com/mobile/index30c2.html]
[bs-ba.facebook.com/places/index.html]
[bs-ba.facebook.com/directory/marketplace/index.html]
[bs-ba.facebook.com/facebook.html]
[bs-ba.facebook.com/directory/groups/index.html]
[bs-ba.facebook.com/directory/places/index.html]
[bs-ba.facebook.com/pages/category/index.html]
[bs-ba.facebook.com/local/lists/245019872666104/index.html]
[bs-ba.facebook.com/privacy/explanation.html]
[bs-ba.facebook.com/policies30c2.html]
[bs-ba.facebook.com/help/index30c2.html]
[bs-ba.facebook.com/allactivity99e1]
[bs-ba.facebook.com/careers/index30c2.html]
[bs-ba.facebook.com/L38M]
[bs-ba.facebook.com/IToy]
[bs-ba.facebook.com/S+p0]
[bs-ba.facebook.com/km2J]
[bs-ba.facebook.com/DMK2]
[bs-ba.facebook.com/ZLbS]
[bs-ba.facebook.com/qZW+]
[bs-ba.facebook.com/XJyV]
[bs-ba.facebook.com/index.html]
[ca-es.facebook.com/osd.xml]
[ca-es.facebook.com/legal/terms/update.html]
[ca-es.facebook.com/about/privacy/update.html]
[ca-es.facebook.com/r.html]
[ca-es.facebook.com/policies/cookies/index.html]
[ca-es.facebook.com/login/index.html]
[ca-es.facebook.com/mobile/index30c2.html]
[l.facebook.com/l6e11.html]
[ca-es.facebook.com/lite/index.html]
[ca-es.facebook.com/directory/people/index.html]
[ca-es.facebook.com/directory/pages/index.html]
[ca-es.facebook.com/pages/category/index.html]
[ca-es.facebook.com/places/index.html]
[ca-es.facebook.com/facebook.html]
[ca-es.facebook.com/directory/places/index.html]
[ca-es.facebook.com/directory/groups/index.html]
[ca-es.facebook.com/directory/marketplace/index.html]
[ca-es.facebook.com/local/lists/245019872666104/index.html]
[ca-es.facebook.com/privacy/explanation.html]
[ca-es.facebook.com/policies30c2.html]
[ca-es.facebook.com/help/index30c2.html]
[ca-es.facebook.com/allactivity99e1]
[ca-es.facebook.com/careers/index30c2.html]
[ca-es.facebook.com/L38M]
[ca-es.facebook.com/IToy]
[ca-es.facebook.com/S+p0]
[ca-es.facebook.com/km2J]
[ca-es.facebook.com/DMK2]
[ca-es.facebook.com/ZLbS]
[ca-es.facebook.com/qZW+]
[ca-es.facebook.com/XJyV]
[ca-es.facebook.com/index.html]
[da-dk.facebook.com/osd.xml]
[da-dk.facebook.com/legal/terms/update.html]
[da-dk.facebook.com/about/privacy/update.html]
[da-dk.facebook.com/r.html]
[da-dk.facebook.com/policies/cookies/index.html]
[l.facebook.com/lb065.html]
[da-dk.facebook.com/login/index.html]
[da-dk.facebook.com/lite/index.html]
[da-dk.facebook.com/mobile/index30c2.html]
[da-dk.facebook.com/directory/people/index.html]
[da-dk.facebook.com/pages/category/index.html]
[da-dk.facebook.com/places/index.html]
[da-dk.facebook.com/facebook.html]
[da-dk.facebook.com/directory/pages/index.html]
[da-dk.facebook.com/directory/places/index.html]
[da-dk.facebook.com/directory/groups/index.html]
[da-dk.facebook.com/directory/marketplace/index.html]
[da-dk.facebook.com/local/lists/245019872666104/index.html]
[da-dk.facebook.com/privacy/explanation.html]
[da-dk.facebook.com/policies30c2.html]
[da-dk.facebook.com/allactivity99e1]
[da-dk.facebook.com/help/index30c2.html]
[da-dk.facebook.com/careers/index30c2.html]
[da-dk.facebook.com/L38M]
[da-dk.facebook.com/IToy]
[da-dk.facebook.com/S+p0]
[da-dk.facebook.com/km2J]
[da-dk.facebook.com/DMK2]
[da-dk.facebook.com/ZLbS]
[da-dk.facebook.com/qZW+]
[da-dk.facebook.com/XJyV]
[da-dk.facebook.com/index.html]
[el-gr.facebook.com/osd.xml]
[el-gr.facebook.com/legal/terms/update.html]
[el-gr.facebook.com/about/privacy/update.html]
[el-gr.facebook.com/r.html]
[el-gr.facebook.com/policies/cookies/index.html]
[l.facebook.com/lca0b.html]
[el-gr.facebook.com/login/index.html]
[el-gr.facebook.com/lite/index.html]
[el-gr.facebook.com/mobile/index30c2.html]
[el-gr.facebook.com/directory/people/index.html]
[el-gr.facebook.com/pages/category/index.html]
[el-gr.facebook.com/places/index.html]
[el-gr.facebook.com/facebook.html]
[el-gr.facebook.com/directory/marketplace/index.html]
[el-gr.facebook.com/directory/places/index.html]
[el-gr.facebook.com/directory/groups/index.html]
[el-gr.facebook.com/directory/pages/index.html]
[el-gr.facebook.com/privacy/explanation.html]
[el-gr.facebook.com/local/lists/245019872666104/index.html]
[el-gr.facebook.com/policies30c2.html]
[el-gr.facebook.com/allactivity99e1]
[el-gr.facebook.com/careers/index30c2.html]
[el-gr.facebook.com/help/index30c2.html]
[el-gr.facebook.com/L38M]
[el-gr.facebook.com/IToy]
[el-gr.facebook.com/S+p0]
[el-gr.facebook.com/km2J]
[el-gr.facebook.com/DMK2]
[el-gr.facebook.com/ZLbS]
[el-gr.facebook.com/qZW+]
[el-gr.facebook.com/XJyV]
[el-gr.facebook.com/index.html]
[es-la.facebook.com/osd.xml]
[es-la.facebook.com/legal/terms/update.html]
[es-la.facebook.com/about/privacy/update.html]
[es-la.facebook.com/r.html]
[es-la.facebook.com/policies/cookies/index.html]
[l.facebook.com/l6ca1.html]
[es-la.facebook.com/login/index.html]
[es-la.facebook.com/lite/index.html]
[es-la.facebook.com/mobile/index30c2.html]
[es-la.facebook.com/directory/people/index.html]
[es-la.facebook.com/pages/category/index.html]
[es-la.facebook.com/places/index.html]
[es-la.facebook.com/facebook.html]
[es-la.facebook.com/directory/pages/index.html]
[es-la.facebook.com/directory/groups/index.html]
[es-la.facebook.com/directory/marketplace/index.html]
[es-la.facebook.com/directory/places/index.html]
[es-la.facebook.com/local/lists/245019872666104/index.html]
[es-la.facebook.com/privacy/explanation.html]
[es-la.facebook.com/policies30c2.html]
[es-la.facebook.com/careers/index30c2.html]
[es-la.facebook.com/allactivity99e1]
[es-la.facebook.com/help/index30c2.html]
[es-la.facebook.com/L38M]
[es-la.facebook.com/IToy]
[es-la.facebook.com/S+p0]
[es-la.facebook.com/km2J]
[es-la.facebook.com/DMK2]
[es-la.facebook.com/ZLbS]
[es-la.facebook.com/qZW+]
[es-la.facebook.com/XJyV]
[es-la.facebook.com/index.html]
[es-es.facebook.com/osd.xml]
[es-es.facebook.com/legal/terms/update.html]
[es-es.facebook.com/about/privacy/update.html]
[es-es.facebook.com/r.html]
[es-es.facebook.com/policies/cookies/index.html]
[es-es.facebook.com/login/index.html]
[es-es.facebook.com/lite/index.html]
[l.facebook.com/l6232.html]
[es-es.facebook.com/directory/people/index.html]
[es-es.facebook.com/mobile/index30c2.html]
[es-es.facebook.com/places/index.html]
[es-es.facebook.com/pages/category/index.html]
[es-es.facebook.com/directory/marketplace/index.html]
[es-es.facebook.com/directory/pages/index.html]
[es-es.facebook.com/directory/groups/index.html]
[es-es.facebook.com/directory/places/index.html]
[es-es.facebook.com/local/lists/245019872666104/index.html]
[es-es.facebook.com/facebook.html]
[es-es.facebook.com/privacy/explanation.html]
[es-es.facebook.com/policies30c2.html]
[es-es.facebook.com/allactivity99e1]
[es-es.facebook.com/help/index30c2.html]
[es-es.facebook.com/L38M]
[es-es.facebook.com/careers/index30c2.html]
[es-es.facebook.com/IToy]
[es-es.facebook.com/S+p0]
[es-es.facebook.com/km2J]
[es-es.facebook.com/DMK2]
[es-es.facebook.com/ZLbS]
[es-es.facebook.com/qZW+]
[es-es.facebook.com/XJyV]
[es-es.facebook.com/index.html]
[fa-ir.facebook.com/osd.xml]
[fa-ir.facebook.com/legal/terms/update.html]
[fa-ir.facebook.com/about/privacy/update.html]
[fa-ir.facebook.com/r.html]
[fa-ir.facebook.com/policies/cookies/index.html]
[l.facebook.com/lb2a2.html]
[fa-ir.facebook.com/lite/index.html]
[fa-ir.facebook.com/mobile/index30c2.html]
[fa-ir.facebook.com/login/index.html]
[fa-ir.facebook.com/directory/people/index.html]
[fa-ir.facebook.com/pages/category/index.html]
[fa-ir.facebook.com/places/index.html]
[fa-ir.facebook.com/facebook.html]
[fa-ir.facebook.com/directory/pages/index.html]
[fa-ir.facebook.com/directory/marketplace/index.html]
[fa-ir.facebook.com/directory/places/index.html]
[fa-ir.facebook.com/directory/groups/index.html]
[fa-ir.facebook.com/local/lists/245019872666104/index.html]
[fa-ir.facebook.com/privacy/explanation.html]
[fa-ir.facebook.com/policies30c2.html]
[fa-ir.facebook.com/allactivity99e1]
[fa-ir.facebook.com/help/index30c2.html]
[fa-ir.facebook.com/careers/index30c2.html]
[fa-ir.facebook.com/L38M]
[fa-ir.facebook.com/IToy]
[fa-ir.facebook.com/S+p0]
[fa-ir.facebook.com/km2J]
[fa-ir.facebook.com/DMK2]
[fa-ir.facebook.com/ZLbS]
[fa-ir.facebook.com/qZW+]
[fa-ir.facebook.com/XJyV]
[fa-ir.facebook.com/index.html]
[fi-fi.facebook.com/osd.xml]
[fi-fi.facebook.com/legal/terms/update.html]
[fi-fi.facebook.com/about/privacy/update.html]
[fi-fi.facebook.com/r.html]
[fi-fi.facebook.com/policies/cookies/index.html]
[fi-fi.facebook.com/login/index.html]
[fi-fi.facebook.com/lite/index.html]
[l.facebook.com/lf4e2.html]
[fi-fi.facebook.com/directory/people/index.html]
[fi-fi.facebook.com/mobile/index30c2.html]
[fi-fi.facebook.com/directory/pages/index.html]
[fi-fi.facebook.com/pages/category/index.html]
[fi-fi.facebook.com/directory/marketplace/index.html]
[fi-fi.facebook.com/places/index.html]
[fi-fi.facebook.com/directory/places/index.html]
[fi-fi.facebook.com/facebook.html]
[fi-fi.facebook.com/directory/groups/index.html]
[fi-fi.facebook.com/local/lists/245019872666104/index.html]
[fi-fi.facebook.com/privacy/explanation.html]
